// Jest Snapshot v1, https://goo.gl/fbAQLP

exports[`should render DailyView correctly 1`] = `
<div
  className="calendar"
>
  <Connect(DailyViewRow)
    time="12am"
  />
  <Connect(DailyViewRow)
    time="1am"
  />
  <Connect(DailyViewRow)
    time="2am"
  />
  <Connect(DailyViewRow)
    time="3am"
  />
  <Connect(DailyViewRow)
    time="4am"
  />
  <Connect(DailyViewRow)
    time="5am"
  />
  <Connect(DailyViewRow)
    time="6am"
  />
  <Connect(DailyViewRow)
    time="7am"
  />
  <Connect(DailyViewRow)
    time="8am"
  />
  <Connect(DailyViewRow)
    time="9am"
  />
  <Connect(DailyViewRow)
    time="10am"
  />
  <Connect(DailyViewRow)
    time="11am"
  />
  <Connect(DailyViewRow)
    time="12pm"
  />
  <Connect(DailyViewRow)
    time="1pm"
  />
  <Connect(DailyViewRow)
    time="2pm"
  />
  <Connect(DailyViewRow)
    time="3pm"
  />
  <Connect(DailyViewRow)
    time="4pm"
  />
  <Connect(DailyViewRow)
    time="5pm"
  />
  <Connect(DailyViewRow)
    time="6pm"
  />
  <Connect(DailyViewRow)
    time="7pm"
  />
  <Connect(DailyViewRow)
    time="8pm"
  />
  <Connect(DailyViewRow)
    time="9pm"
  />
  <Connect(DailyViewRow)
    time="10pm"
  />
  <Connect(DailyViewRow)
    time="11pm"
  />
</div>
`;
