// Jest Snapshot v1, https://goo.gl/fbAQLP

exports[`should render DailyView correctly 1`] = `
<div
  className="calendar"
>
  <Connect(DailyViewRow)
    defaultStartTime="12am"
  />
  <Connect(DailyViewRow)
    defaultStartTime="1am"
  />
  <Connect(DailyViewRow)
    defaultStartTime="2am"
  />
  <Connect(DailyViewRow)
    defaultStartTime="3am"
  />
  <Connect(DailyViewRow)
    defaultStartTime="4am"
  />
  <Connect(DailyViewRow)
    defaultStartTime="5am"
  />
  <Connect(DailyViewRow)
    defaultStartTime="6am"
  />
  <Connect(DailyViewRow)
    defaultStartTime="7am"
  />
  <Connect(DailyViewRow)
    defaultStartTime="8am"
  />
  <Connect(DailyViewRow)
    defaultStartTime="9am"
  />
  <Connect(DailyViewRow)
    defaultStartTime="10am"
  />
  <Connect(DailyViewRow)
    defaultStartTime="11am"
  />
  <Connect(DailyViewRow)
    defaultStartTime="12pm"
  />
  <Connect(DailyViewRow)
    defaultStartTime="1pm"
  />
  <Connect(DailyViewRow)
    defaultStartTime="2pm"
  />
  <Connect(DailyViewRow)
    defaultStartTime="3pm"
  />
  <Connect(DailyViewRow)
    defaultStartTime="4pm"
  />
  <Connect(DailyViewRow)
    defaultStartTime="5pm"
  />
  <Connect(DailyViewRow)
    defaultStartTime="6pm"
  />
  <Connect(DailyViewRow)
    defaultStartTime="7pm"
  />
  <Connect(DailyViewRow)
    defaultStartTime="8pm"
  />
  <Connect(DailyViewRow)
    defaultStartTime="9pm"
  />
  <Connect(DailyViewRow)
    defaultStartTime="10pm"
  />
  <Connect(DailyViewRow)
    defaultStartTime="11pm"
  />
</div>
`;
